CostJo   : Nonlinear Jo = 3.3100751851287502e+05, nobs = 100, Jo/n = 3.3100751851287500e+03, err = 9.9999997764825821e-03
CostJb   : Nonlinear Jb = 0.0000000000000000e+00
CostFunction: Nonlinear J = 3.3100751851287502e+05
Update with Ritz pair #0: variance is 66.16269% of the initial variance
Update with Ritz pair #1: variance is 63.44503% of the initial variance
Update with Ritz pair #2: variance is 62.31082% of the initial variance
Update with Ritz pair #3: variance is 61.06044% of the initial variance
Update with Ritz pair #4: variance is 60.80146% of the initial variance
Update with Ritz pair #5: variance is 56.89437% of the initial variance
Update with Ritz pair #6: variance is 55.36931% of the initial variance
Update with Ritz pair #7: variance is 53.23239% of the initial variance
Update with Ritz pair #8: variance is 52.51663% of the initial variance
Update with Ritz pair #9: variance is 51.76506% of the initial variance
Update with Ritz pair #10: variance is 50.86751% of the initial variance
Update with Ritz pair #11: variance is 50.55717% of the initial variance
Update with Ritz pair #12: variance is 50.03092% of the initial variance
Update with Ritz pair #13: variance is 47.21185% of the initial variance
Update with Ritz pair #14: variance is 46.55685% of the initial variance
Update with Ritz pair #15: variance is 45.17891% of the initial variance
Update with Ritz pair #16: variance is 44.58627% of the initial variance
