CostJo   : Nonlinear Jo = 3.3100751851287502e+05, nobs = 100, Jo/n = 3.3100751851287500e+03, err = 9.9999997764825821e-03
CostJb   : Nonlinear Jb = 0.0000000000000000e+00
CostFunction: Nonlinear J = 3.3100751851287502e+05
Update with Ritz pair #0: variance is 90.73308% of the initial variance
Update with Ritz pair #1: variance is 85.99216% of the initial variance
Update with Ritz pair #2: variance is 82.41178% of the initial variance
Update with Ritz pair #3: variance is 80.52656% of the initial variance
Update with Ritz pair #4: variance is 78.71427% of the initial variance
Update with Ritz pair #5: variance is 75.87328% of the initial variance
Update with Ritz pair #6: variance is 71.92927% of the initial variance
Update with Ritz pair #7: variance is 70.18679% of the initial variance
Update with Ritz pair #8: variance is 68.61482% of the initial variance
Update with Ritz pair #9: variance is 66.93150% of the initial variance
Update with Ritz pair #10: variance is 65.23980% of the initial variance
Update with Ritz pair #11: variance is 63.38101% of the initial variance
Update with Ritz pair #12: variance is 61.78102% of the initial variance
Update with Ritz pair #13: variance is 60.34844% of the initial variance
Update with Ritz pair #14: variance is 58.40595% of the initial variance
