CostJo   : Nonlinear Jo = 3.3100751851287502e+05, nobs = 100, Jo/n = 3.3100751851287500e+03, err = 9.9999997764825821e-03
CostJb   : Nonlinear Jb = 0.0000000000000000e+00
CostFunction: Nonlinear J = 3.3100751851287502e+05
Update with Ritz pair #0: variance is 66.18448% of the initial variance
Update with Ritz pair #1: variance is 63.49174% of the initial variance
Update with Ritz pair #2: variance is 62.34090% of the initial variance
Update with Ritz pair #3: variance is 61.08756% of the initial variance
Update with Ritz pair #4: variance is 60.84263% of the initial variance
Update with Ritz pair #5: variance is 56.92322% of the initial variance
Update with Ritz pair #6: variance is 55.41715% of the initial variance
Update with Ritz pair #7: variance is 53.28534% of the initial variance
Update with Ritz pair #8: variance is 52.59446% of the initial variance
Update with Ritz pair #9: variance is 51.86647% of the initial variance
Update with Ritz pair #10: variance is 50.96550% of the initial variance
Update with Ritz pair #11: variance is 50.66683% of the initial variance
Update with Ritz pair #12: variance is 50.14467% of the initial variance
Update with Ritz pair #13: variance is 47.30422% of the initial variance
Update with Ritz pair #14: variance is 46.69596% of the initial variance
Update with Ritz pair #15: variance is 45.32321% of the initial variance
Update with Ritz pair #16: variance is 44.74826% of the initial variance
