CostJo   : Nonlinear Jo = 3.3100751851287502e+05, nobs = 100, Jo/n = 3.3100751851287500e+03, err = 9.9999997764825821e-03
CostJb   : Nonlinear Jb = 0.0000000000000000e+00
CostFunction: Nonlinear J = 3.3100751851287502e+05
Update with Ritz pair #0: variance is 90.72641% of the initial variance
Update with Ritz pair #1: variance is 86.00542% of the initial variance
Update with Ritz pair #2: variance is 82.42014% of the initial variance
Update with Ritz pair #3: variance is 80.53901% of the initial variance
Update with Ritz pair #4: variance is 78.72533% of the initial variance
Update with Ritz pair #5: variance is 75.89567% of the initial variance
Update with Ritz pair #6: variance is 71.95936% of the initial variance
Update with Ritz pair #7: variance is 70.22382% of the initial variance
Update with Ritz pair #8: variance is 68.66184% of the initial variance
Update with Ritz pair #9: variance is 66.97985% of the initial variance
Update with Ritz pair #10: variance is 65.29548% of the initial variance
Update with Ritz pair #11: variance is 63.44341% of the initial variance
Update with Ritz pair #12: variance is 61.84888% of the initial variance
Update with Ritz pair #13: variance is 60.42456% of the initial variance
Update with Ritz pair #14: variance is 58.49161% of the initial variance
Update with Ritz pair #15: variance is 56.35435% of the initial variance
Update with Ritz pair #16: variance is 55.05039% of the initial variance
