CostJo   : Nonlinear Jo = 3.3100751851287502e+05, nobs = 100, Jo/n = 3.3100751851287500e+03, err = 9.9999997764825821e-03
CostJb   : Nonlinear Jb = 0.0000000000000000e+00
CostFunction: Nonlinear J = 3.3100751851287502e+05
Update with Ritz pair #0: variance is 90.74327% of the initial variance
Update with Ritz pair #1: variance is 86.00327% of the initial variance
Update with Ritz pair #2: variance is 82.42466% of the initial variance
Update with Ritz pair #3: variance is 80.54342% of the initial variance
Update with Ritz pair #4: variance is 78.73326% of the initial variance
Update with Ritz pair #5: variance is 75.89693% of the initial variance
Update with Ritz pair #6: variance is 71.95607% of the initial variance
Update with Ritz pair #7: variance is 70.21570% of the initial variance
Update with Ritz pair #8: variance is 68.64705% of the initial variance
Update with Ritz pair #9: variance is 66.96734% of the initial variance
Update with Ritz pair #10: variance is 65.27988% of the initial variance
Update with Ritz pair #11: variance is 63.42424% of the initial variance
Update with Ritz pair #12: variance is 61.82923% of the initial variance
Update with Ritz pair #13: variance is 60.41081% of the initial variance
Update with Ritz pair #14: variance is 58.48853% of the initial variance
Update with Ritz pair #15: variance is 56.35222% of the initial variance
Update with Ritz pair #16: variance is 55.04598% of the initial variance
