Initial state for member 1:
Valid time: 2010-01-01T12:00:00Z
Quench geometry grid:
- name: L40x21
- size: 840
Partitioner:
- type: equal_regions
Function space:
- type: StructuredColumns
- halo: 1
Groups: 
- Group 0:
  Vertical levels: 
  - number: 2
  - vert_coord: [1,2]
  Mask size: 100%
Fields:
  air_temperature: 41.9408
Initial state for member 2:
Valid time: 2010-01-01T12:00:00Z
Quench geometry grid:
- name: L40x21
- size: 840
Partitioner:
- type: equal_regions
Function space:
- type: StructuredColumns
- halo: 1
Groups: 
- Group 0:
  Vertical levels: 
  - number: 2
  - vert_coord: [1,2]
  Mask size: 100%
Fields:
  air_temperature: 41.366
Initial state for member 3:
Valid time: 2010-01-01T12:00:00Z
Quench geometry grid:
- name: L40x21
- size: 840
Partitioner:
- type: equal_regions
Function space:
- type: StructuredColumns
- halo: 1
Groups: 
- Group 0:
  Vertical levels: 
  - number: 2
  - vert_coord: [1,2]
  Mask size: 100%
Fields:
  air_temperature: 41.7862
Initial state for member 4:
Valid time: 2010-01-01T12:00:00Z
Quench geometry grid:
- name: L40x21
- size: 840
Partitioner:
- type: equal_regions
Function space:
- type: StructuredColumns
- halo: 1
Groups: 
- Group 0:
  Vertical levels: 
  - number: 2
  - vert_coord: [1,2]
  Mask size: 100%
Fields:
  air_temperature: 42.0226
Initial state for member 5:
Valid time: 2010-01-01T12:00:00Z
Quench geometry grid:
- name: L40x21
- size: 840
Partitioner:
- type: equal_regions
Function space:
- type: StructuredColumns
- halo: 1
Groups: 
- Group 0:
  Vertical levels: 
  - number: 2
  - vert_coord: [1,2]
  Mask size: 100%
Fields:
  air_temperature: 41.9789
Initial state for member 6:
Valid time: 2010-01-01T12:00:00Z
Quench geometry grid:
- name: L40x21
- size: 840
Partitioner:
- type: equal_regions
Function space:
- type: StructuredColumns
- halo: 1
Groups: 
- Group 0:
  Vertical levels: 
  - number: 2
  - vert_coord: [1,2]
  Mask size: 100%
Fields:
  air_temperature: 42.456
Initial state for member 7:
Valid time: 2010-01-01T12:00:00Z
Quench geometry grid:
- name: L40x21
- size: 840
Partitioner:
- type: equal_regions
Function space:
- type: StructuredColumns
- halo: 1
Groups: 
- Group 0:
  Vertical levels: 
  - number: 2
  - vert_coord: [1,2]
  Mask size: 100%
Fields:
  air_temperature: 41.3318
Initial state for member 8:
Valid time: 2010-01-01T12:00:00Z
Quench geometry grid:
- name: L40x21
- size: 840
Partitioner:
- type: equal_regions
Function space:
- type: StructuredColumns
- halo: 1
Groups: 
- Group 0:
  Vertical levels: 
  - number: 2
  - vert_coord: [1,2]
  Mask size: 100%
Fields:
  air_temperature: 40.867
Initial state for member 9:
Valid time: 2010-01-01T12:00:00Z
Quench geometry grid:
- name: L40x21
- size: 840
Partitioner:
- type: equal_regions
Function space:
- type: StructuredColumns
- halo: 1
Groups: 
- Group 0:
  Vertical levels: 
  - number: 2
  - vert_coord: [1,2]
  Mask size: 100%
Fields:
  air_temperature: 40.7544
Initial state for member 10:
Valid time: 2010-01-01T12:00:00Z
Quench geometry grid:
- name: L40x21
- size: 840
Partitioner:
- type: equal_regions
Function space:
- type: StructuredColumns
- halo: 1
Groups: 
- Group 0:
  Vertical levels: 
  - number: 2
  - vert_coord: [1,2]
  Mask size: 100%
Fields:
  air_temperature: 40.1847
H(x) for member 1:
quenchxx[30]:
- air_temperature: Min=0.625914, Max=1.24538, Average=0.942816
H(x) for member 2:
quenchxx[30]:
- air_temperature: Min=0.837387, Max=1.25503, Average=0.969529
H(x) for member 3:
quenchxx[30]:
- air_temperature: Min=0.708933, Max=1.34919, Average=0.977712
H(x) for member 4:
quenchxx[30]:
- air_temperature: Min=0.705337, Max=1.17972, Average=0.978145
H(x) for member 5:
quenchxx[30]:
- air_temperature: Min=0.744732, Max=1.2183, Average=0.968068
H(x) for member 6:
quenchxx[30]:
- air_temperature: Min=0.748918, Max=1.18754, Average=0.958131
H(x) for member 7:
quenchxx[30]:
- air_temperature: Min=0.695027, Max=1.12738, Average=0.964001
H(x) for member 8:
quenchxx[30]:
- air_temperature: Min=0.746734, Max=1.11693, Average=0.974521
H(x) for member 9:
quenchxx[30]:
- air_temperature: Min=0.655262, Max=1.11896, Average=0.929438
H(x) for member 10:
quenchxx[30]:
- air_temperature: Min=0.671134, Max=1.14875, Average=0.923433
H(x) ensemble background mean: 
quenchxx[30]:
- air_temperature: Min=0.741054, Max=1.13522, Average=0.958579
background y - H(x): 
quenchxx[30]:
- air_temperature: Min=-0.281709, Max=0.309455, Average=0.00911935
Background mean :
Valid time: 2010-01-01T12:00:00Z
Quench geometry grid:
- name: L40x21
- size: 840
Partitioner:
- type: equal_regions
Function space:
- type: StructuredColumns
- halo: 1
Groups: 
- Group 0:
  Vertical levels: 
  - number: 2
  - vert_coord: [1,2]
  Mask size: 100%
Fields:
  air_temperature: 41.2921
Analysis mean :
Valid time: 2010-01-01T12:00:00Z
Quench geometry grid:
- name: L40x21
- size: 840
Partitioner:
- type: equal_regions
Function space:
- type: StructuredColumns
- halo: 1
Groups: 
- Group 0:
  Vertical levels: 
  - number: 2
  - vert_coord: [1,2]
  Mask size: 100%
Fields:
  air_temperature: 41.2951
Analysis mean increment :
Valid time: 2010-01-01T12:00:00Z
Quench geometry grid:
- name: L40x21
- size: 840
Partitioner:
- type: equal_regions
Function space:
- type: StructuredColumns
- halo: 1
Groups: 
- Group 0:
  Vertical levels: 
  - number: 2
  - vert_coord: [1,2]
  Mask size: 100%
Fields:
  air_temperature: 0.300571
Forecast variance :
Valid time: 2010-01-01T12:00:00Z
Quench geometry grid:
- name: L40x21
- size: 840
Partitioner:
- type: equal_regions
Function space:
- type: StructuredColumns
- halo: 1
Groups: 
- Group 0:
  Vertical levels: 
  - number: 2
  - vert_coord: [1,2]
  Mask size: 100%
Fields:
  air_temperature: 0.448936
Analysis variance :
Valid time: 2010-01-01T12:00:00Z
Quench geometry grid:
- name: L40x21
- size: 840
Partitioner:
- type: equal_regions
Function space:
- type: StructuredColumns
- halo: 1
Groups: 
- Group 0:
  Vertical levels: 
  - number: 2
  - vert_coord: [1,2]
  Mask size: 100%
Fields:
  air_temperature: 0.438856
H(x) for member 1:
quenchxx[30]:
- air_temperature: Min=0.640253, Max=1.26248, Average=0.942175
H(x) for member 2:
quenchxx[30]:
- air_temperature: Min=0.822854, Max=1.28274, Average=0.968476
H(x) for member 3:
quenchxx[30]:
- air_temperature: Min=0.734556, Max=1.36477, Average=0.976731
H(x) for member 4:
quenchxx[30]:
- air_temperature: Min=0.707168, Max=1.19858, Average=0.976934
H(x) for member 5:
quenchxx[30]:
- air_temperature: Min=0.741605, Max=1.17688, Average=0.967169
H(x) for member 6:
quenchxx[30]:
- air_temperature: Min=0.761502, Max=1.18707, Average=0.957189
H(x) for member 7:
quenchxx[30]:
- air_temperature: Min=0.709825, Max=1.12701, Average=0.963009
H(x) for member 8:
quenchxx[30]:
- air_temperature: Min=0.770947, Max=1.10949, Average=0.973668
H(x) for member 9:
quenchxx[30]:
- air_temperature: Min=0.669727, Max=1.13877, Average=0.929051
H(x) for member 10:
quenchxx[30]:
- air_temperature: Min=0.685924, Max=1.13442, Average=0.923311
H(x) ensemble analysis mean: 
quenchxx[30]:
- air_temperature: Min=0.756068, Max=1.1549, Average=0.957771
analysis y - H(x): 
quenchxx[30]:
- air_temperature: Min=-0.206169, Max=0.263391, Average=0.0099275
ombg RMS: 0.649051
oman RMS: 0.530905
