CostJo   : Nonlinear Jo = 20.8752, nobs = 30, Jo/n = 0.695842, err = 0.1
CostJb   : Nonlinear Jb = 0
CostFunction: Nonlinear J = 20.8752
DRIPCGMinimizer: reduction in residual norm = 1.35698e-10
CostFunction::addIncrement: Analysis norm: 41.5626
CostJo   : Nonlinear Jo = 7.94906, nobs = 30, Jo/n = 0.264969, err = 0.1
CostJb   : Nonlinear Jb = 4.7223
CostFunction: Nonlinear J = 12.6714
DRIPCGMinimizer: reduction in residual norm = 1.50242e-10
CostFunction::addIncrement: Analysis norm: 41.6716
CostJo   : Nonlinear Jo = 3.27755, nobs = 30, Jo/n = 0.109252, err = 0.1
