CostJo   : Nonlinear Jo = 20.8752, nobs = 30, Jo/n = 0.695842, err = 0.1
Norm of input parameter StdDev: 4.09878
CostJb   : Nonlinear Jb = 0
CostFunction: Nonlinear J = 20.8752
DRIPCGMinimizer: reduction in residual norm = 9.49155e-12
CostFunction::addIncrement: Analysis norm: 41.6282
CostJo   : Nonlinear Jo = 7.54371, nobs = 30, Jo/n = 0.251457, err = 0.1
CostJb   : Nonlinear Jb = 4.91621
CostFunction: Nonlinear J = 12.4599
DRIPCGMinimizer: reduction in residual norm = 1.00559e-11
CostFunction::addIncrement: Analysis norm: 41.7792
CostJo   : Nonlinear Jo = 2.74056, nobs = 30, Jo/n = 0.0913521, err = 0.1
